
> sovereign-final@ test /Users/cjo/Sovereign.final
> pnpm -r test

Scope: 5 of 6 workspace projects
apps/web test$ vitest run --passWithNoTests
packages/contracts test$ vitest run --passWithNoTests
packages/agent-contracts test$ vitest run --passWithNoTests
packages/contracts test: [1m[30m[46m RUN [49m[39m[22m [36mv4.1.10 [39m[90m/Users/cjo/Sovereign.final/packages/contracts[39m
packages/agent-contracts test: [1m[30m[46m RUN [49m[39m[22m [36mv4.1.10 [39m[90m/Users/cjo/Sovereign.final/packages/contracts[39m
apps/web test: [1m[30m[46m RUN [49m[39m[22m [36mv4.1.10 [39m[90m/Users/cjo/Sovereign.final/apps/web[39m
packages/agent-contracts test:  [32m✓[39m dist/expression-field.test.js [2m([22m[2m3 tests[22m[2m)[22m[32m 4[2mms[22m[39m
packages/agent-contracts test:  [32m✓[39m dist/model-config.test.js [2m([22m[2m6 tests[22m[2m)[22m[32m 15[2mms[22m[39m
packages/agent-contracts test:  [32m✓[39m dist/index.test.js [2m([22m[2m1 test[22m[2m)[22m[32m 2[2mms[22m[39m
packages/contracts test:  [32m✓[39m src/index.test.ts [2m([22m[2m1 test[22m[2m)[22m[32m 3[2mms[22m[39m
packages/contracts test:  [32m✓[39m dist/index.test.js [2m([22m[2m1 test[22m[2m)[22m[32m 3[2mms[22m[39m
packages/contracts test:  [32m✓[39m dist/expression-field.test.js [2m([22m[2m3 tests[22m[2m)[22m[32m 5[2mms[22m[39m
packages/contracts test:  [32m✓[39m src/expression-field.test.ts [2m([22m[2m3 tests[22m[2m)[22m[32m 7[2mms[22m[39m
packages/agent-contracts test:  [32m✓[39m src/expression-field.test.ts [2m([22m[2m3 tests[22m[2m)[22m[32m 6[2mms[22m[39m
packages/contracts test:  [32m✓[39m dist/model-config.test.js [2m([22m[2m6 tests[22m[2m)[22m[32m 10[2mms[22m[39m
packages/agent-contracts test:  [32m✓[39m src/index.test.ts [2m([22m[2m1 test[22m[2m)[22m[32m 6[2mms[22m[39m
packages/agent-contracts test:  [32m✓[39m src/model-config.test.ts [2m([22m[2m6 tests[22m[2m)[22m[32m 6[2mms[22m[39m
packages/agent-contracts test: [2m Test Files [22m [1m[32m6 passed[39m[22m[90m (6)[39m
packages/agent-contracts test: [2m      Tests [22m [1m[32m20 passed[39m[22m[90m (20)[39m
packages/agent-contracts test: [2m   Start at [22m 01:40:21
packages/agent-contracts test: [2m   Duration [22m 450ms[2m (transform 126ms, setup 0ms, import 230ms, tests 39ms, environment 1ms)[22m
packages/contracts test:  [32m✓[39m src/model-config.test.ts [2m([22m[2m6 tests[22m[2m)[22m[32m 14[2mms[22m[39m
packages/contracts test: [2m Test Files [22m [1m[32m6 passed[39m[22m[90m (6)[39m
packages/contracts test: [2m      Tests [22m [1m[32m20 passed[39m[22m[90m (20)[39m
packages/contracts test: [2m   Start at [22m 01:40:21
packages/contracts test: [2m   Duration [22m 463ms[2m (transform 220ms, setup 0ms, import 401ms, tests 43ms, environment 1ms)[22m
packages/agent-contracts test: Done
packages/contracts test: Done
apps/web test:  [32m✓[39m src/LandingParity.test.ts [2m([22m[2m9 tests[22m[2m)[22m[32m 5[2mms[22m[39m
apps/web test:  [32m✓[39m src/PublicSupport.test.ts [2m([22m[2m3 tests[22m[2m)[22m[32m 2[2mms[22m[39m
apps/web test: [2m Test Files [22m [1m[32m2 passed[39m[22m[90m (2)[39m
apps/web test: [2m      Tests [22m [1m[32m12 passed[39m[22m[90m (12)[39m
apps/web test: [2m   Start at [22m 01:40:21
apps/web test: [2m   Duration [22m 260ms[2m (transform 24ms, setup 0ms, import 73ms, tests 8ms, environment 0ms)[22m
apps/web test: Done
apps/worker test$ vitest run --passWithNoTests
apps/sovereign-worker test$ vitest run --passWithNoTests
apps/sovereign-worker test: [1m[30m[46m RUN [49m[39m[22m [36mv4.1.10 [39m[90m/Users/cjo/Sovereign.final/apps/worker[39m
apps/worker test: [1m[30m[46m RUN [49m[39m[22m [36mv4.1.10 [39m[90m/Users/cjo/Sovereign.final/apps/worker[39m
apps/sovereign-worker test:  [32m✓[39m src/db/threads.test.ts [2m([22m[2m5 tests[22m[2m)[22m[32m 26[2mms[22m[39m
apps/worker test:  [32m✓[39m src/db/threads.test.ts [2m([22m[2m5 tests[22m[2m)[22m[32m 18[2mms[22m[39m
apps/sovereign-worker test:  [32m✓[39m src/relationship-field.test.ts [2m([22m[2m16 tests[22m[2m)[22m[32m 116[2mms[22m[39m
apps/sovereign-worker test:  [32m✓[39m src/routes/stripe.test.ts [2m([22m[2m1 test[22m[2m)[22m[32m 52[2mms[22m[39m
apps/sovereign-worker test:  [32m✓[39m src/agent/sovereign-emotional-field-activation.test.ts [2m([22m[2m8 tests[22m[2m)[22m[32m 155[2mms[22m[39m
apps/worker test:  [32m✓[39m src/routes/stripe.test.ts [2m([22m[2m1 test[22m[2m)[22m[32m 62[2mms[22m[39m
apps/worker test:  [32m✓[39m src/relationship-field.test.ts [2m([22m[2m16 tests[22m[2m)[22m[32m 148[2mms[22m[39m
apps/sovereign-worker test:  [32m✓[39m src/agent/sovereign.test.ts [2m([22m[2m8 tests[22m[2m)[22m[33m 327[2mms[22m[39m
apps/worker test:  [32m✓[39m src/agent/sovereign.test.ts [2m([22m[2m8 tests[22m[2m)[22m[33m 333[2mms[22m[39m
apps/worker test:  [32m✓[39m src/agent/sovereign-emotional-field-activation.test.ts [2m([22m[2m8 tests[22m[2m)[22m[32m 179[2mms[22m[39m
apps/sovereign-worker test:  [32m✓[39m src/ai/free-tier-capacity.test.ts [2m([22m[2m14 tests[22m[2m)[22m[32m 14[2mms[22m[39m
apps/worker test:  [32m✓[39m src/ai/free-tier-capacity.test.ts [2m([22m[2m14 tests[22m[2m)[22m[32m 11[2mms[22m[39m
apps/sovereign-worker test:  [32m✓[39m src/invitation-notifications.test.ts [2m([22m[2m5 tests[22m[2m)[22m[32m 32[2mms[22m[39m
apps/sovereign-worker test:  [32m✓[39m src/email-code-recovery.test.ts [2m([22m[2m3 tests[22m[2m)[22m[32m 67[2mms[22m[39m
apps/sovereign-worker test:  [32m✓[39m src/adapters/sovv.test.ts [2m([22m[2m2 tests[22m[2m)[22m[32m 38[2mms[22m[39m
apps/sovereign-worker test:  [32m✓[39m src/workstream-b.test.ts [2m([22m[2m3 tests[22m[2m)[22m[32m 109[2mms[22m[39m
apps/worker test:  [32m✓[39m src/invitation-notifications.test.ts [2m([22m[2m5 tests[22m[2m)[22m[32m 145[2mms[22m[39m
apps/worker test:  [32m✓[39m src/workstream-b.test.ts [2m([22m[2m3 tests[22m[2m)[22m[32m 88[2mms[22m[39m
apps/worker test:  [32m✓[39m src/email-code-recovery.test.ts [2m([22m[2m3 tests[22m[2m)[22m[32m 182[2mms[22m[39m
apps/sovereign-worker test:  [32m✓[39m src/release-evidence-auth.test.ts [2m([22m[2m5 tests[22m[2m)[22m[32m 50[2mms[22m[39m
apps/worker test:  [32m✓[39m src/adapters/sovv.test.ts [2m([22m[2m2 tests[22m[2m)[22m[32m 153[2mms[22m[39m
apps/sovereign-worker test: [90mstderr[2m | src/billing/usage.test.ts[2m > [22m[2mmonthly AI allowances[2m > [22m[2matomically reserves within the allowance and rejects the next turn
apps/sovereign-worker test: [22m[39mai_turn_denied {
apps/sovereign-worker test:   accountRef: [32m'acct_1'[39m,
apps/sovereign-worker test:   plan: [32m'free'[39m,
apps/sovereign-worker test:   periodKey: [32m'2026-07'[39m,
apps/sovereign-worker test:   allowance: [33m10[39m,
apps/sovereign-worker test:   retryAfter: [32m'1425600'[39m
apps/sovereign-worker test: }
apps/sovereign-worker test:  [32m✓[39m src/billing/usage.test.ts [2m([22m[2m4 tests[22m[2m)[22m[32m 47[2mms[22m[39m
apps/worker test:  [32m✓[39m src/release-evidence-auth.test.ts [2m([22m[2m5 tests[22m[2m)[22m[32m 39[2mms[22m[39m
apps/sovereign-worker test:  [32m✓[39m src/identity-bound-contract.test.ts [2m([22m[2m6 tests[22m[2m)[22m[32m 12[2mms[22m[39m
apps/sovereign-worker test:  [32m✓[39m src/system-context.test.ts [2m([22m[2m5 tests[22m[2m)[22m[32m 89[2mms[22m[39m
apps/worker test: [90mstderr[2m | src/billing/usage.test.ts[2m > [22m[2mmonthly AI allowances[2m > [22m[2matomically reserves within the allowance and rejects the next turn
apps/worker test: [22m[39mai_turn_denied {
apps/worker test:   accountRef: [32m'acct_1'[39m,
apps/worker test:   plan: [32m'free'[39m,
apps/worker test:   periodKey: [32m'2026-07'[39m,
apps/worker test:   allowance: [33m10[39m,
apps/worker test:   retryAfter: [32m'1425600'[39m
apps/worker test: }
apps/worker test:  [32m✓[39m src/billing/usage.test.ts [2m([22m[2m4 tests[22m[2m)[22m[32m 29[2mms[22m[39m
apps/worker test:  [32m✓[39m src/identity-bound-contract.test.ts [2m([22m[2m6 tests[22m[2m)[22m[32m 8[2mms[22m[39m
apps/sovereign-worker test:  [32m✓[39m src/security/auth.test.ts [2m([22m[2m9 tests[22m[2m)[22m[32m 175[2mms[22m[39m
apps/sovereign-worker test:  [32m✓[39m src/billing/stripe-checkout-readiness.test.ts [2m([22m[2m3 tests[22m[2m)[22m[32m 213[2mms[22m[39m
apps/worker test:  [32m✓[39m src/system-context.test.ts [2m([22m[2m5 tests[22m[2m)[22m[32m 156[2mms[22m[39m
apps/worker test:  [32m✓[39m src/billing/stripe-checkout-readiness.test.ts [2m([22m[2m3 tests[22m[2m)[22m[32m 141[2mms[22m[39m
apps/sovereign-worker test:  [32m✓[39m src/d1-session.test.ts [2m([22m[2m12 tests[22m[2m)[22m[32m 224[2mms[22m[39m
apps/worker test:  [32m✓[39m src/security/auth.test.ts [2m([22m[2m9 tests[22m[2m)[22m[32m 83[2mms[22m[39m
apps/sovereign-worker test:  [32m✓[39m src/agent/recognition.test.ts [2m([22m[2m16 tests[22m[2m)[22m[32m 17[2mms[22m[39m
apps/sovereign-worker test:  [32m✓[39m src/agent/input-safety.test.ts [2m([22m[2m11 tests[22m[2m)[22m[32m 33[2mms[22m[39m
apps/worker test:  [32m✓[39m src/account-notifications.test.ts [2m([22m[2m3 tests[22m[2m)[22m[32m 6[2mms[22m[39m
apps/worker test:  [32m✓[39m src/agent/input-safety.test.ts [2m([22m[2m11 tests[22m[2m)[22m[32m 166[2mms[22m[39m
apps/sovereign-worker test:  [32m✓[39m src/canonical-pipeline.test.ts [2m([22m[2m11 tests[22m[2m)[22m[32m 105[2mms[22m[39m
apps/sovereign-worker test:  [32m✓[39m src/account-notifications.test.ts [2m([22m[2m3 tests[22m[2m)[22m[32m 6[2mms[22m[39m
apps/worker test:  [32m✓[39m src/d1-session.test.ts [2m([22m[2m12 tests[22m[2m)[22m[32m 115[2mms[22m[39m
apps/sovereign-worker test:  [32m✓[39m src/billing/stripe.test.ts [2m([22m[2m8 tests[22m[2m)[22m[32m 63[2mms[22m[39m
apps/worker test:  [32m✓[39m src/agent/recognition.test.ts [2m([22m[2m16 tests[22m[2m)[22m[32m 155[2mms[22m[39m
apps/sovereign-worker test:  [32m✓[39m src/agent/safety.test.ts [2m([22m[2m6 tests[22m[2m)[22m[32m 50[2mms[22m[39m
apps/sovereign-worker test:  [32m✓[39m src/baseline-engine.test.ts [2m([22m[2m7 tests[22m[2m)[22m[33m 1985[2mms[22m[39m
apps/sovereign-worker test:      [33m[2m✓[22m[39m computes reduced framework data without geocoding or returning raw birth input [33m 620[2mms[22m[39m
apps/sovereign-worker test:      [33m[2m✓[22m[39m withholds time-dependent framework activations when birth time is unknown [33m 624[2mms[22m[39m
apps/sovereign-worker test:      [33m[2m✓[22m[39m limits concurrent Horizons requests to at most 2 [33m 667[2mms[22m[39m
apps/worker test:  [32m✓[39m src/baseline-engine.test.ts [2m([22m[2m7 tests[22m[2m)[22m[33m 1963[2mms[22m[39m
apps/worker test:      [33m[2m✓[22m[39m computes reduced framework data without geocoding or returning raw birth input [33m 618[2mms[22m[39m
apps/worker test:      [33m[2m✓[22m[39m withholds time-dependent framework activations when birth time is unknown [33m 613[2mms[22m[39m
apps/worker test:      [33m[2m✓[22m[39m limits concurrent Horizons requests to at most 2 [33m 687[2mms[22m[39m
apps/sovereign-worker test: [90mstdout[2m | src/auth-public.test.ts[2m > [22m[2mrequestMagicLink D1 transaction safety[2m > [22m[2mexecutes database mutations via env.DB.batch without manual SQL transaction statements
apps/sovereign-worker test: [22m[39mturnstile_verification_bypassed_for_environment { mode: [32m'test'[39m }
apps/worker test:  [32m✓[39m src/canonical-pipeline.test.ts [2m([22m[2m11 tests[22m[2m)[22m[32m 138[2mms[22m[39m
apps/worker test:  [32m✓[39m src/agent/safety.test.ts [2m([22m[2m6 tests[22m[2m)[22m[32m 81[2mms[22m[39m
apps/sovereign-worker test:  [32m✓[39m src/interface-actions.test.ts [2m([22m[2m3 tests[22m[2m)[22m[32m 73[2mms[22m[39m
apps/sovereign-worker test:  [32m✓[39m src/auth-public.test.ts [2m([22m[2m5 tests[22m[2m)[22m[32m 185[2mms[22m[39m
apps/worker test:  [32m✓[39m src/billing/stripe.test.ts [2m([22m[2m8 tests[22m[2m)[22m[32m 164[2mms[22m[39m
apps/worker test: [90mstdout[2m | src/auth-public.test.ts[2m > [22m[2mrequestMagicLink D1 transaction safety[2m > [22m[2mexecutes database mutations via env.DB.batch without manual SQL transaction statements
apps/worker test: [22m[39mturnstile_verification_bypassed_for_environment { mode: [32m'test'[39m }
apps/worker test:  [32m✓[39m src/auth-public.test.ts [2m([22m[2m5 tests[22m[2m)[22m[32m 180[2mms[22m[39m
apps/worker test:  [32m✓[39m src/interface-actions.test.ts [2m([22m[2m3 tests[22m[2m)[22m[32m 6[2mms[22m[39m
apps/sovereign-worker test:  [32m✓[39m src/db/product.test.ts [2m([22m[2m4 tests[22m[2m)[22m[32m 118[2mms[22m[39m
apps/sovereign-worker test:  [32m✓[39m src/db/people.test.ts [2m([22m[2m2 tests[22m[2m)[22m[32m 78[2mms[22m[39m
apps/sovereign-worker test:  [32m✓[39m src/covenant/scripture.test.ts [2m([22m[2m5 tests[22m[2m)[22m[32m 39[2mms[22m[39m
apps/sovereign-worker test:  [32m✓[39m src/billing/notifications.test.ts [2m([22m[2m4 tests[22m[2m)[22m[32m 251[2mms[22m[39m
apps/worker test:  [32m✓[39m src/db/people.test.ts [2m([22m[2m2 tests[22m[2m)[22m[32m 99[2mms[22m[39m
apps/worker test:  [32m✓[39m src/billing/notifications.test.ts [2m([22m[2m4 tests[22m[2m)[22m[32m 103[2mms[22m[39m
apps/worker test:  [32m✓[39m src/db/product.test.ts [2m([22m[2m4 tests[22m[2m)[22m[32m 113[2mms[22m[39m
apps/sovereign-worker test:  [32m✓[39m src/current-conditions/current.test.ts [2m([22m[2m5 tests[22m[2m)[22m[32m 91[2mms[22m[39m
apps/sovereign-worker test:  [32m✓[39m src/runtime-entry-routing.test.ts [2m([22m[2m9 tests[22m[2m)[22m[32m 170[2mms[22m[39m
apps/worker test:  [32m✓[39m src/covenant/scripture.test.ts [2m([22m[2m5 tests[22m[2m)[22m[32m 56[2mms[22m[39m
apps/sovereign-worker test:  [32m✓[39m src/index.integration.test.ts [2m([22m[2m5 tests[22m[2m)[22m[32m 191[2mms[22m[39m
apps/sovereign-worker test:  [32m✓[39m src/production-entry.test.ts [2m([22m[2m6 tests[22m[2m)[22m[32m 10[2mms[22m[39m
apps/worker test:  [32m✓[39m src/index.integration.test.ts [2m([22m[2m5 tests[22m[2m)[22m[32m 157[2mms[22m[39m
apps/worker test:  [32m✓[39m src/current-conditions/current.test.ts [2m([22m[2m5 tests[22m[2m)[22m[32m 129[2mms[22m[39m
apps/worker test:  [32m✓[39m src/runtime-entry-routing.test.ts [2m([22m[2m9 tests[22m[2m)[22m[32m 193[2mms[22m[39m
apps/sovereign-worker test:  [32m✓[39m src/email.test.ts [2m([22m[2m6 tests[22m[2m)[22m[32m 141[2mms[22m[39m
apps/sovereign-worker test:  [32m✓[39m src/baseline-contracts.test.ts [2m([22m[2m4 tests[22m[2m)[22m[32m 44[2mms[22m[39m
apps/worker test:  [32m✓[39m src/email.test.ts [2m([22m[2m6 tests[22m[2m)[22m[32m 186[2mms[22m[39m
apps/worker test:  [32m✓[39m src/production-entry.test.ts [2m([22m[2m6 tests[22m[2m)[22m[32m 4[2mms[22m[39m
apps/worker test:  [32m✓[39m src/baseline-contracts.test.ts [2m([22m[2m4 tests[22m[2m)[22m[32m 15[2mms[22m[39m
apps/sovereign-worker test:  [32m✓[39m src/agent/grounded-intelligence.test.ts [2m([22m[2m5 tests[22m[2m)[22m[32m 14[2mms[22m[39m
apps/sovereign-worker test:  [32m✓[39m src/relational-context.test.ts [2m([22m[2m6 tests[22m[2m)[22m[32m 99[2mms[22m[39m
apps/sovereign-worker test:  [32m✓[39m src/emotional-field.test.ts [2m([22m[2m11 tests[22m[2m)[22m[32m 27[2mms[22m[39m
apps/worker test:  [32m✓[39m src/agent/grounded-intelligence.test.ts [2m([22m[2m5 tests[22m[2m)[22m[32m 13[2mms[22m[39m
apps/sovereign-worker test:  [32m✓[39m src/invitation-resend-contract.test.ts [2m([22m[2m6 tests[22m[2m)[22m[32m 8[2mms[22m[39m
apps/sovereign-worker test:  [32m✓[39m src/baseline-facets-output.test.ts [2m([22m[2m2 tests[22m[2m)[22m[32m 52[2mms[22m[39m
apps/worker test:  [32m✓[39m src/relational-context.test.ts [2m([22m[2m6 tests[22m[2m)[22m[32m 223[2mms[22m[39m
apps/sovereign-worker test:  [32m✓[39m src/world-video-contract.test.ts [2m([22m[2m9 tests[22m[2m)[22m[32m 9[2mms[22m[39m
apps/sovereign-worker test:  [32m✓[39m src/conversation-context.test.ts [2m([22m[2m7 tests[22m[2m)[22m[32m 120[2mms[22m[39m
apps/worker test:  [32m✓[39m src/conversation-context.test.ts [2m([22m[2m7 tests[22m[2m)[22m[32m 223[2mms[22m[39m
apps/sovereign-worker test:  [32m✓[39m src/expression-field.test.ts [2m([22m[2m5 tests[22m[2m)[22m[32m 240[2mms[22m[39m
apps/worker test:  [32m✓[39m src/emotional-field.test.ts [2m([22m[2m11 tests[22m[2m)[22m[32m 93[2mms[22m[39m
apps/worker test:  [32m✓[39m src/invitation-resend-contract.test.ts [2m([22m[2m6 tests[22m[2m)[22m[32m 4[2mms[22m[39m
apps/worker test:  [32m✓[39m src/baseline-facets-output.test.ts [2m([22m[2m2 tests[22m[2m)[22m[32m 169[2mms[22m[39m
apps/sovereign-worker test:  [32m✓[39m src/release-parity-contract.test.ts [2m([22m[2m8 tests[22m[2m)[22m[32m 45[2mms[22m[39m
apps/sovereign-worker test:  [32m✓[39m src/ingress-limits.test.ts [2m([22m[2m6 tests[22m[2m)[22m[32m 232[2mms[22m[39m
apps/worker test:  [32m✓[39m src/world-video-contract.test.ts [2m([22m[2m9 tests[22m[2m)[22m[32m 6[2mms[22m[39m
apps/sovereign-worker test:  [32m✓[39m src/advertised-ai-context.test.ts [2m([22m[2m3 tests[22m[2m)[22m[32m 3[2mms[22m[39m
apps/worker test:  [32m✓[39m src/expression-field.test.ts [2m([22m[2m5 tests[22m[2m)[22m[32m 131[2mms[22m[39m
apps/worker test:  [32m✓[39m src/release-parity-contract.test.ts [2m([22m[2m8 tests[22m[2m)[22m[32m 13[2mms[22m[39m
apps/sovereign-worker test:  [32m✓[39m src/db/turns.test.ts [2m([22m[2m1 test[22m[2m)[22m[32m 20[2mms[22m[39m
apps/sovereign-worker test: [90mstdout[2m | src/turn-recovery.test.ts[2m > [22m[2mstuck-turn recovery[2m > [22m[2mclaims a stale non-terminal turn, assesses it interrupted, and releases the monthly turn
apps/sovereign-worker test: [22m[39mturn_recovery { recoveredTurns: [33m1[39m, releasedCapacityNeurons: [33m0[39m }
apps/sovereign-worker test:  [32m✓[39m src/turn-recovery.test.ts [2m([22m[2m3 tests[22m[2m)[22m[32m 7[2mms[22m[39m
apps/worker test:  [32m✓[39m src/ingress-limits.test.ts [2m([22m[2m6 tests[22m[2m)[22m[32m 284[2mms[22m[39m
apps/sovereign-worker test:  [32m✓[39m src/workspace-onboarding-contract.test.ts [2m([22m[2m18 tests[22m[2m)[22m[32m 32[2mms[22m[39m
apps/worker test:  [32m✓[39m src/db/turns.test.ts [2m([22m[2m1 test[22m[2m)[22m[32m 7[2mms[22m[39m
apps/worker test:  [32m✓[39m src/advertised-ai-context.test.ts [2m([22m[2m3 tests[22m[2m)[22m[32m 10[2mms[22m[39m
apps/worker test: [90mstdout[2m | src/turn-recovery.test.ts[2m > [22m[2mstuck-turn recovery[2m > [22m[2mclaims a stale non-terminal turn, assesses it interrupted, and releases the monthly turn
apps/worker test: [22m[39mturn_recovery { recoveredTurns: [33m1[39m, releasedCapacityNeurons: [33m0[39m }
apps/worker test:  [32m✓[39m src/turn-recovery.test.ts [2m([22m[2m3 tests[22m[2m)[22m[32m 6[2mms[22m[39m
apps/sovereign-worker test:  [32m✓[39m src/billing/stripe-subscription-lifecycle.test.ts [2m([22m[2m12 tests[22m[2m)[22m[32m 6[2mms[22m[39m
apps/sovereign-worker test:  [32m✓[39m src/baseline-facet-batching.test.ts [2m([22m[2m3 tests[22m[2m)[22m[32m 9[2mms[22m[39m
apps/sovereign-worker test:  [32m✓[39m src/paid-boundary-contract.test.ts [2m([22m[2m5 tests[22m[2m)[22m[32m 20[2mms[22m[39m
apps/worker test:  [32m✓[39m src/paid-boundary-contract.test.ts [2m([22m[2m5 tests[22m[2m)[22m[32m 68[2mms[22m[39m
apps/worker test:  [32m✓[39m src/workspace-onboarding-contract.test.ts [2m([22m[2m18 tests[22m[2m)[22m[32m 27[2mms[22m[39m
apps/worker test:  [32m✓[39m src/billing/stripe-subscription-lifecycle.test.ts [2m([22m[2m12 tests[22m[2m)[22m[32m 12[2mms[22m[39m
apps/sovereign-worker test:  [32m✓[39m src/runtime.test.ts [2m([22m[2m1 test[22m[2m)[22m[32m 2[2mms[22m[39m
apps/sovereign-worker test:  [32m✓[39m src/billing/launch-entitlements.test.ts [2m([22m[2m4 tests[22m[2m)[22m[32m 6[2mms[22m[39m
apps/sovereign-worker test:  [32m✓[39m src/email-code-security-contract.test.ts [2m([22m[2m3 tests[22m[2m)[22m[32m 131[2mms[22m[39m
apps/sovereign-worker test:  [32m✓[39m src/agent/safety-resources.test.ts [2m([22m[2m5 tests[22m[2m)[22m[32m 115[2mms[22m[39m
apps/worker test:  [32m✓[39m src/runtime.test.ts [2m([22m[2m1 test[22m[2m)[22m[32m 2[2mms[22m[39m
apps/worker test:  [32m✓[39m src/baseline-facet-batching.test.ts [2m([22m[2m3 tests[22m[2m)[22m[32m 11[2mms[22m[39m
apps/worker test:  [32m✓[39m src/agent/safety-resources.test.ts [2m([22m[2m5 tests[22m[2m)[22m[32m 4[2mms[22m[39m
apps/worker test:  [32m✓[39m src/billing/launch-entitlements.test.ts [2m([22m[2m4 tests[22m[2m)[22m[32m 3[2mms[22m[39m
apps/worker test:  [32m✓[39m src/email-code-security-contract.test.ts [2m([22m[2m3 tests[22m[2m)[22m[32m 9[2mms[22m[39m
apps/sovereign-worker test:  [32m✓[39m src/account-journey-ai-entitlement.test.ts [2m([22m[2m8 tests[22m[2m)[22m[32m 26[2mms[22m[39m
apps/worker test:  [32m✓[39m src/auth-account-creation-contract.test.ts [2m([22m[2m7 tests[22m[2m)[22m[32m 3[2mms[22m[39m
apps/sovereign-worker test:  [32m✓[39m src/stripe-webhook-route-contract.test.ts [2m([22m[2m3 tests[22m[2m)[22m[32m 3[2mms[22m[39m
apps/sovereign-worker test:  [32m✓[39m src/safety-response-contract.test.ts [2m([22m[2m4 tests[22m[2m)[22m[32m 87[2mms[22m[39m
apps/sovereign-worker test:  [32m✓[39m src/auth-account-creation-contract.test.ts [2m([22m[2m7 tests[22m[2m)[22m[32m 3[2mms[22m[39m
apps/sovereign-worker test:  [32m✓[39m src/privacy-rights-contract.test.ts [2m([22m[2m5 tests[22m[2m)[22m[32m 3[2mms[22m[39m
apps/worker test:  [32m✓[39m src/account-journey-ai-entitlement.test.ts [2m([22m[2m8 tests[22m[2m)[22m[32m 44[2mms[22m[39m
apps/worker test:  [32m✓[39m src/stripe-webhook-route-contract.test.ts [2m([22m[2m3 tests[22m[2m)[22m[32m 14[2mms[22m[39m
apps/sovereign-worker test:  [32m✓[39m src/agent/safety-boundary.test.ts [2m([22m[2m3 tests[22m[2m)[22m[32m 3[2mms[22m[39m
apps/sovereign-worker test:  [32m✓[39m src/deletion-lifecycle.test.ts [2m([22m[2m1 test[22m[2m)[22m[32m 8[2mms[22m[39m
apps/sovereign-worker test:  [32m✓[39m src/invitation-expiry-scheduler.test.ts [2m([22m[2m4 tests[22m[2m)[22m[32m 2[2mms[22m[39m
apps/worker test:  [32m✓[39m src/privacy-rights-contract.test.ts [2m([22m[2m5 tests[22m[2m)[22m[32m 7[2mms[22m[39m
apps/worker test:  [32m✓[39m src/deletion-lifecycle.test.ts [2m([22m[2m1 test[22m[2m)[22m[32m 2[2mms[22m[39m
apps/worker test:  [32m✓[39m src/agent/safety-boundary.test.ts [2m([22m[2m3 tests[22m[2m)[22m[32m 18[2mms[22m[39m
apps/worker test:  [32m✓[39m src/safety-response-contract.test.ts [2m([22m[2m4 tests[22m[2m)[22m[32m 2[2mms[22m[39m
apps/sovereign-worker test:  [32m✓[39m src/passkey-security-email-contract.test.ts [2m([22m[2m3 tests[22m[2m)[22m[32m 3[2mms[22m[39m
apps/sovereign-worker test:  [32m✓[39m src/oauth-browser-token-handoff.test.ts [2m([22m[2m2 tests[22m[2m)[22m[32m 5[2mms[22m[39m
apps/worker test:  [32m✓[39m src/invitation-expiry-scheduler.test.ts [2m([22m[2m4 tests[22m[2m)[22m[32m 2[2mms[22m[39m
apps/sovereign-worker test:  [32m✓[39m src/ai-binding-contract.test.ts [2m([22m[2m4 tests[22m[2m)[22m[32m 33[2mms[22m[39m
apps/sovereign-worker test:  [32m✓[39m src/retention-contract.test.ts [2m([22m[2m3 tests[22m[2m)[22m[32m 2[2mms[22m[39m
apps/sovereign-worker test: [2m Test Files [22m [1m[32m69 passed[39m[22m[90m (69)[39m
apps/sovereign-worker test: [2m      Tests [22m [1m[32m399 passed[39m[22m[90m (399)[39m
apps/sovereign-worker test: [2m   Start at [22m 01:40:22
apps/sovereign-worker test: [2m   Duration [22m 6.08s[2m (transform 3.89s, setup 0ms, import 12.31s, tests 6.77s, environment 12ms)[22m
apps/worker test:  [32m✓[39m src/ai-binding-contract.test.ts [2m([22m[2m4 tests[22m[2m)[22m[32m 4[2mms[22m[39m
apps/sovereign-worker test: Done
apps/worker test:  [32m✓[39m src/passkey-security-email-contract.test.ts [2m([22m[2m3 tests[22m[2m)[22m[32m 4[2mms[22m[39m
apps/worker test:  [32m✓[39m src/retention-contract.test.ts [2m([22m[2m3 tests[22m[2m)[22m[32m 2[2mms[22m[39m
apps/worker test:  [32m✓[39m src/oauth-browser-token-handoff.test.ts [2m([22m[2m2 tests[22m[2m)[22m[32m 2[2mms[22m[39m
apps/worker test: [2m Test Files [22m [1m[32m69 passed[39m[22m[90m (69)[39m
apps/worker test: [2m      Tests [22m [1m[32m399 passed[39m[22m[90m (399)[39m
apps/worker test: [2m   Start at [22m 01:40:22
apps/worker test: [2m   Duration [22m 6.16s[2m (transform 4.38s, setup 0ms, import 13.09s, tests 7.22s, environment 23ms)[22m
apps/worker test: Done
